.
aaa
linesieve: unexpected end during <no-section>
