simple
2
3
simple-invert
1
4
5
no-end
2
3
4
5
no-end-invert
1
no-start
no-start-invert
1
2
3
4
5
repl
...
2
3
...
repl-invert
1
...
4
5
repl-edges
1
2
3
4
...
repl-invert-one
1
...
3
4
5
repl-no-end
...
2
3
4
5
repl-no-start-invert
1
2
3
4
5
repl-two-ends
...
3
...
repl-invert-two-starts
1
...
5
repl-capture
>\<
2
3
>\<
repl-invert-capture
1
>2<
4
5
