one
a
c
true
false
linesieve pipe: false exited with status code 1
two
yyy
