Usage: linesieve pop [OPTIONS]
Try 'linesieve pop --help' for help.

Error: nothing to pop
