one
33
two
33
three
11
four
33
fifty
11
fiftyfive
33
