before-and-one-line:
zero
one
00:01 one
multi-line:
00:02 two
three
00:03 three
3
